// Jest Snapshot v1, https://goo.gl/fbAQLP

exports[`renders without crashing given the required props 1`] = `
<Fragment>
  <header
    className="flex justify-between xs:mx-2"
  >
    <a
      href="/"
    >
      <img
        alt="ntLogo"
        className="w-16 h-16"
        src="logo.svg"
      />
    </a>
    <div
      className="flex items-center space-x-4"
    >
      <input
        className="bg-transparent border-none px-8 rounded-full w-11/12 py-3 focus:outline-none focus:ring-2 focus:w-100"
        placeholder="Search trips"
        type="text"
      />
      <div
        aria-label="search"
        className="flex items-center space-x-4"
      >
        <FontAwesomeIcon
          border={false}
          className="text-white"
          fixedWidth={false}
          flip={null}
          icon={
            Object {
              "icon": Array [
                512,
                512,
                Array [],
                "f002",
                "M505 442.7L405.3 343c-4.5-4.5-10.6-7-17-7H372c27.6-35.3 44-79.7 44-128C416 93.1 322.9 0 208 0S0 93.1 0 208s93.1 208 208 208c48.3 0 92.7-16.4 128-44v16.3c0 6.4 2.5 12.5 7 17l99.7 99.7c9.4 9.4 24.6 9.4 33.9 0l28.3-28.3c9.4-9.4 9.4-24.6.1-34zM208 336c-70.7 0-128-57.2-128-128 0-70.7 57.2-128 128-128 70.7 0 128 57.2 128 128 0 70.7-57.2 128-128 128z",
              ],
              "iconName": "search",
              "prefix": "fas",
            }
          }
          inverse={false}
          listItem={false}
          mask={null}
          pull={null}
          pulse={false}
          rotation={null}
          size={null}
          spin={false}
          swapOpacity={false}
          symbol={false}
          title=""
          transform={null}
        />
      </div>
      <button
        aria-label="Menu"
        className="flex
 items-center
 justify-center
 w-40 h-14
 cursor-pointer
 rounded-full
 bg-custom-cyan
 text-white
 text-base
 font-semibold
 font-larsseit
 uppercase
 lg:w-56
 focus:outline-none
 "
        onClick={[Function]}
        type="button"
      >
        menu
      </button>
      <div
        className="navigation"
        style={
          Object {
            "visibility": "hidden",
          }
        }
      >
        <input
          className="navigation__checkbox"
          id="navi-toggle"
          type="checkbox"
        />
        <label
          className="navigation__button"
          htmlFor="navi-toggle"
          onClick={[Function]}
        >
          <span
            className="navigation__icon"
          >
             
          </span>
        </label>
        <div
          className="navigation__background"
        >
           
        </div>
        <nav
          className="navigation__nav"
        >
          <ul
            className="navigation__list"
          >
            <li
              className="navigation__item"
              onClick={[Function]}
            >
              <a
                className="navigation__link"
                href="!#"
              >
                <span>
                  01
                </span>
                Chill Adventure
              </a>
            </li>
            <li
              className="navigation__item"
              onClick={[Function]}
            >
              <a
                className="navigation__link"
                href="!#"
              >
                <span>
                  02
                </span>
                Spooky Times
              </a>
            </li>
            <li
              className="navigation__item"
              onClick={[Function]}
            >
              <a
                className="navigation__link"
                href="!#"
              >
                <span>
                  03
                </span>
                Desert Madness
              </a>
            </li>
            <li
              className="navigation__item"
              onClick={[Function]}
            >
              <a
                className="navigation__link"
                href="!#"
              >
                <span>
                  04
                </span>
                Out in the wild
              </a>
            </li>
          </ul>
        </nav>
      </div>
    </div>
  </header>
</Fragment>
`;
